App.tsx(204,69): error TS1005: ';' expected.
App.tsx(204,123): error TS1002: Unterminated string literal.
App.tsx(205,11): error TS1005: ';' expected.
App.tsx(205,22): error TS1005: ';' expected.
App.tsx(205,33): error TS1136: Property assignment expected.
App.tsx(205,44): error TS1005: ';' expected.
App.tsx(205,62): error TS1005: ';' expected.
App.tsx(205,71): error TS1109: Expression expected.
App.tsx(205,72): error TS1109: Expression expected.
App.tsx(205,74): error TS1161: Unterminated regular expression literal.
App.tsx(207,13): error TS1005: ';' expected.
App.tsx(207,33): error TS1005: ';' expected.
App.tsx(207,44): error TS1136: Property assignment expected.
App.tsx(207,61): error TS1005: ';' expected.
App.tsx(207,77): error TS1005: ';' expected.
App.tsx(207,124): error TS1005: ';' expected.
App.tsx(207,142): error TS1109: Expression expected.
App.tsx(207,144): error TS1161: Unterminated regular expression literal.
App.tsx(208,15): error TS1005: ';' expected.
App.tsx(208,34): error TS1005: ';' expected.
App.tsx(208,45): error TS1136: Property assignment expected.
App.tsx(208,62): error TS1005: ';' expected.
App.tsx(208,78): error TS1005: ';' expected.
App.tsx(208,124): error TS1005: ';' expected.
App.tsx(208,142): error TS1109: Expression expected.
App.tsx(208,144): error TS1161: Unterminated regular expression literal.
App.tsx(209,17): error TS1005: ';' expected.
App.tsx(209,38): error TS1005: ';' expected.
App.tsx(209,49): error TS1136: Property assignment expected.
App.tsx(209,66): error TS1005: ';' expected.
App.tsx(209,82): error TS1005: ';' expected.
App.tsx(209,130): error TS1005: ';' expected.
App.tsx(209,148): error TS1109: Expression expected.
App.tsx(209,150): error TS1161: Unterminated regular expression literal.
App.tsx(210,19): error TS1005: ';' expected.
App.tsx(210,38): error TS1005: ';' expected.
App.tsx(210,49): error TS1136: Property assignment expected.
App.tsx(210,66): error TS1005: ';' expected.
App.tsx(210,82): error TS1005: ';' expected.
App.tsx(210,145): error TS1005: ';' expected.
App.tsx(210,163): error TS1109: Expression expected.
App.tsx(210,165): error TS1161: Unterminated regular expression literal.
App.tsx(211,21): error TS1005: ';' expected.
App.tsx(211,41): error TS1005: ';' expected.
App.tsx(211,52): error TS1136: Property assignment expected.
App.tsx(211,69): error TS1005: ';' expected.
App.tsx(211,85): error TS1005: ';' expected.
App.tsx(211,149): error TS1005: ';' expected.
App.tsx(211,167): error TS1109: Expression expected.
App.tsx(211,169): error TS1161: Unterminated regular expression literal.
App.tsx(212,23): error TS1005: ';' expected.
App.tsx(212,46): error TS1005: ';' expected.
App.tsx(212,57): error TS1136: Property assignment expected.
App.tsx(212,74): error TS1005: ';' expected.
App.tsx(212,90): error TS1005: ';' expected.
App.tsx(212,140): error TS1005: ';' expected.
App.tsx(212,158): error TS1109: Expression expected.
App.tsx(212,160): error TS1161: Unterminated regular expression literal.
App.tsx(213,25): error TS1005: ';' expected.
App.tsx(213,43): error TS1005: ';' expected.
App.tsx(213,54): error TS1136: Property assignment expected.
App.tsx(213,71): error TS1005: ';' expected.
App.tsx(213,87): error TS1005: ';' expected.
App.tsx(213,154): error TS1005: ';' expected.
App.tsx(213,172): error TS1109: Expression expected.
App.tsx(213,174): error TS1161: Unterminated regular expression literal.
App.tsx(214,27): error TS1005: ';' expected.
App.tsx(214,43): error TS1005: ';' expected.
App.tsx(214,54): error TS1136: Property assignment expected.
App.tsx(214,71): error TS1005: ';' expected.
App.tsx(214,87): error TS1005: ';' expected.
App.tsx(214,130): error TS1005: ';' expected.
App.tsx(214,148): error TS1109: Expression expected.
App.tsx(214,150): error TS1161: Unterminated regular expression literal.
App.tsx(215,29): error TS1005: ';' expected.
App.tsx(215,45): error TS1005: ';' expected.
App.tsx(215,56): error TS1136: Property assignment expected.
App.tsx(215,73): error TS1005: ';' expected.
App.tsx(215,89): error TS1005: ';' expected.
App.tsx(215,136): error TS1005: ';' expected.
App.tsx(215,154): error TS1109: Expression expected.
App.tsx(215,156): error TS1161: Unterminated regular expression literal.
App.tsx(216,31): error TS1005: ';' expected.
App.tsx(216,49): error TS1005: ';' expected.
App.tsx(216,60): error TS1136: Property assignment expected.
App.tsx(216,77): error TS1005: ';' expected.
App.tsx(216,93): error TS1005: ';' expected.
App.tsx(216,138): error TS1005: ';' expected.
App.tsx(216,156): error TS1109: Expression expected.
App.tsx(216,158): error TS1161: Unterminated regular expression literal.
App.tsx(218,33): error TS1005: ';' expected.
App.tsx(218,44): error TS1005: ';' expected.
App.tsx(218,55): error TS1136: Property assignment expected.
App.tsx(218,72): error TS1005: ';' expected.
App.tsx(218,88): error TS1005: ';' expected.
App.tsx(218,134): error TS1005: ';' expected.
App.tsx(218,152): error TS1109: Expression expected.
App.tsx(218,154): error TS1161: Unterminated regular expression literal.
App.tsx(219,5): error TS1128: Declaration or statement expected.
App.tsx(220,3): error TS1109: Expression expected.
App.tsx(221,1): error TS1128: Declaration or statement expected.
